lparen("(") lparen("(") variable("x") pow("^") real("2.0") plus("+") variable("y2") rparen(")") divides("/") lparen("(") variable("z") pow("^") lparen("(") real("1.0") divides("/") real("2.0") rparen(")") rparen(")") rparen(")") minus("-") lparen("(") real("3.0") times("*") variable("p") minus("-") real("4.0") times("*") variable("q") rparen(")") divides("/") lparen("(") real("2.7") pow("^") real("2.0") rparen(")") plus("+") real("5.2") times("*") variable("r") divides("/") variable("s") pow("^") real("3.0") 
