lparen("(") real("3.7") times("*") lparen("(") variable("a") plus("+") variable("b") rparen(")") divides("/") lparen("(") variable("c") pow("^") lparen("(") real("1.0") divides("/") real("4.0") rparen(")") rparen(")") rparen(")") times("*") lparen("(") variable("d") times("*") variable("e") pow("^") lparen("(") real("1.5") times("*") variable("f") rparen(")") divides("/") variable("g") rparen(")") pow("^") real("0.6") 
