real("3.0") times("*") real("2.0") minus("-") real("1.0") 
