real("8.0") divides("/") real("2.0") divides("/") real("2.0") 
