real("1.0") plus("+") real("1.0") minus("-") real("1.0") 
