lparen("(") real("60.0") plus("+") real("89.0") rparen(")") divides("/") real("2.0") pow("^") real("2.0") 
