real("2.0") minus("-") real("1.0") minus("-") real("1.0") 
