real("3.0") times("*") lparen("(") real("2.0") minus("-") real("1.0") rparen(")") 
