lparen("(") real("2.0") plus("+") real("2.0") rparen(")") divides("/") real("2.0") 
