lparen("(") variable("x") pow("^") real("3.0") minus("-") real("7.0") rparen(")") divides("/") lparen("(") variable("y") pow("^") lparen("(") real("1.0") divides("/") real("2.0") rparen(")") rparen(")") times("*") lparen("(") real("2.0") times("*") lparen("(") variable("z") plus("+") real("1.0") rparen(")") divides("/") variable("w") rparen(")") pow("^") real("0.8") 
