minus("-") lparen("(") real("1.0") plus("+") real("1.0") rparen(")") 
