lparen("(") lparen("(") real("5.0") rparen(")") rparen(")") 
