lparen("(") real("10.5") times("*") lparen("(") variable("m") pow("^") real("2.0") minus("-") real("3.0") rparen(")") divides("/") lparen("(") variable("n") pow("^") lparen("(") real("1.0") divides("/") real("3.0") rparen(")") rparen(")") rparen(")") plus("+") lparen("(") variable("p") plus("+") real("2.0") times("*") variable("q") rparen(")") pow("^") real("2.0") divides("/") lparen("(") real("1.5") pow("^") real("4.0") rparen(")") 
