real("8.0") integer-divides("//") real("2.0") integer-divides("//") real("2.0") integer-divides("//") real("2.0") 
