lparen("(") real("3.0") times("*") lparen("(") variable("x") pow("^") real("2.0") plus("+") real("5.0") rparen(")") divides("/") lparen("(") real("2.0") times("*") variable("y") rparen(")") rparen(")") minus("-") real("8.0") times("*") variable("z") divides("/") lparen("(") real("2.5") pow("^") real("3.0") rparen(")") 
