real("2.0") plus("+") real("2.0") divides("/") real("2.0") 
